include/_lfs_64.h
include/alloca.h
include/assert.h
include/atomic.h
include/byteswap.h
include/complex.h
include/crypt.h
include/ctype.h
include/dlfcn.h
include/dirent.h
include/elf.h
include/endian.h
include/err.h
include/errno.h
include/fcntl.h
include/features.h
include/fenv.h
include/fnmatch.h
include/getopt.h
include/glob.h
include/grp.h
include/ieee754.h
include/ifaddrs.h
include/inttypes.h
include/langinfo.h
include/libc-internal.h
include/libc-symbols.h
include/libgen.h
include/libintl.h
include/limits.h
include/link.h
include/locale.h
include/math.h
include/malloc.h
include/memory.h
include/netdb.h
include/nl_types.h
include/paths.h
include/poll.h
include/printf.h
include/pty.h
include/pwd.h
include/resolv.h
include/sched.h
include/search.h
include/setjmp.h
include/shadow.h
include/signal.h
include/stdint.h
include/stdio.h
include/stdio_ext.h
include/stdlib.h
include/string.h
include/strings.h
include/sysexits.h
include/syslog.h
include/termios.h
include/time.h
include/ucontext.h
include/unistd.h
include/utime.h
include/wchar.h
include/wctype.h
include/arpa/inet.h
include/arpa/nameser.h
include/arpa/nameser_compat.h
include/net/ethernet.h
include/net/if.h
include/net/if_arp.h
include/net/route.h
include/netinet/ether.h
include/netinet/if_ether.h
include/netinet/in.h
include/netinet/ip.h
include/netinet/in_systm.h
include/netinet/tcp.h
include/netinet/udp.h
include/rpc/netdb.h
include/sys/bitypes.h
include/sys/cdefs.h
include/sys/dir.h
include/sys/fcntl.h
include/sys/file.h
include/sys/ioctl.h
include/sys/ipc.h
include/sys/mman.h
include/sys/mount.h
include/sys/param.h
include/sys/poll.h
include/sys/resource.h
include/sys/select.h
include/sys/sem.h
include/sys/socket.h
include/sys/soundcard.h
include/sys/shm.h
include/sys/stat.h
include/sys/statfs.h
include/sys/syslog.h
include/sys/sysmacros.h
include/sys/time.h
include/sys/timeb.h
include/sys/times.h
include/sys/ttydefaults.h
include/sys/types.h
include/sys/utsname.h
include/sys/uio.h
include/sys/un.h
include/sys/vfs.h
include/sys/wait.h
libc/inet/_res_state.c
libc/inet/addr.c
libc/inet/closenameservers.c
libc/inet/decodea.c
libc/inet/decoded.c
libc/inet/decodeh.c
libc/inet/decodep.c
libc/inet/decodeq.c
libc/inet/dnslookup.c
libc/inet/encodea.c
libc/inet/encoded.c
libc/inet/encodeh.c
libc/inet/encodep.c
libc/inet/encodeq.c
libc/inet/ether_addr.c
libc/inet/formquery.c
libc/inet/gai_strerror.c
libc/inet/get_hosts_byaddr_r.c
libc/inet/get_hosts_byname_r.c
libc/inet/getaddrinfo.c
libc/inet/gethostbyaddr.c
libc/inet/gethostbyaddr_r.c
libc/inet/gethostbyname.c
libc/inet/gethostbyname2.c
libc/inet/gethostbyname2_r.c
libc/inet/gethostbyname_r.c
libc/inet/gethostent.c
libc/inet/gethostent_r.c
libc/inet/getnetbyad.c
libc/inet/getnetbynm.c
libc/inet/getnetent.c
libc/inet/getproto.c
libc/inet/getservice.c
libc/inet/herror.c
libc/inet/if_index.c
libc/inet/inet_addr.c
libc/inet/inet_aton.c
libc/inet/inet_lnaof.c
libc/inet/inet_makeaddr.c
libc/inet/inet_net.c
libc/inet/inet_netof.c
libc/inet/inet_ntoa.c
libc/inet/lengthd.c
libc/inet/lengthq.c
libc/inet/netlinkaccess.h
libc/inet/ns_name.c
libc/inet/ntohl.c
libc/inet/ntop.c
libc/inet/opennameservers.c
libc/inet/opensock.c
libc/inet/read_etc_hosts_r.c
libc/inet/res_comp.c
libc/inet/res_init.c
libc/inet/res_query.c
libc/inet/resolv.c
libc/inet/resolveaddress.c
libc/inet/resolvename.c
libc/pwd_grp/pwd_grp.c
libc/pwd_grp/getpwuid.c
libc/pwd_grp/getpwuid_r.c
libc/pwd_grp/getpwnam.c
libc/pwd_grp/getpwnam_r.c
libc/pwd_grp/getpwent.c
libc/pwd_grp/getpwent_r.c
libc/pwd_grp/pwd_grp_internal.c
libc/pwd_grp/__parsepwent.c
libc/pwd_grp/__parsegrent.c
libc/pwd_grp/__pgsreader.c
libc/unistd/getlogin.c
libc/unistd/getopt.c
libc/unistd/getopt_int.h
libc/signal/allocrtsig.c
libc/signal/raise.c
libc/signal/sigaddset.c
libc/signal/sigandset.c
libc/signal/sigdelset.c
libc/signal/sigempty.c
libc/signal/sigfillset.c
libc/signal/sigismem.c
libc/signal/sigsetops.c
libc/signal/sigsetops.h
libc/stdlib/__cxa_atexit.c
libc/stdlib/__exit_handler.c
libc/stdlib/__fp_range_check.c
libc/stdlib/__strtofpmax.c
libc/stdlib/__uc_malloc.c
libc/stdlib/_atexit.c
libc/stdlib/_stdlib_mb_cur_max.c
libc/stdlib/_stdlib_strto_l.c
libc/stdlib/_stdlib_strto_ll.c
libc/stdlib/_strtod.c
libc/stdlib/abort.c
libc/stdlib/abs.c
libc/stdlib/atexit.c
libc/stdlib/atof.c
libc/stdlib/atoi.c
libc/stdlib/atol.c
libc/stdlib/atoll.c
libc/stdlib/bsearch.c
libc/stdlib/div.c
libc/stdlib/drand48-iter.c
libc/stdlib/drand48.c
libc/stdlib/drand48_r.c
libc/stdlib/erand48.c
libc/stdlib/erand48_r.c
libc/stdlib/exit.c
libc/stdlib/getenv.c
libc/stdlib/jrand48.c
libc/stdlib/jrand48_r.c
libc/stdlib/labs.c
libc/stdlib/ldiv.c
libc/stdlib/llabs.c
libc/stdlib/lldiv.c
libc/stdlib/lrand48.c
libc/stdlib/lrand48_r.c
libc/stdlib/malloc/calloc.c
libc/stdlib/malloc/free.c
libc/stdlib/malloc/heap.h
libc/stdlib/malloc/heap_alloc.c
libc/stdlib/malloc/heap_alloc_at.c
libc/stdlib/malloc/heap_free.c
libc/stdlib/malloc/malloc.c
libc/stdlib/malloc/malloc.h
libc/stdlib/malloc/memalign.c
libc/stdlib/malloc/realloc.c
libc/stdlib/mblen.c
libc/stdlib/mbstowcs.c
libc/stdlib/mkstemp.c
libc/stdlib/nrand48.c
libc/stdlib/nrand48_r.c
libc/stdlib/on_exit.c
libc/stdlib/posix_memalign.c
libc/stdlib/qsort.c
libc/stdlib/rand.c
libc/stdlib/rand_r.c
libc/stdlib/random.c
libc/stdlib/random_r.c
libc/stdlib/realpath.c
libc/stdlib/setenv.c
libc/stdlib/stdlib.c
libc/stdlib/strtod.c
libc/stdlib/strtof.c
libc/stdlib/strtol.c
libc/stdlib/strtold.c
libc/stdlib/strtoll.c
libc/stdlib/strtoul.c
libc/stdlib/strtoull.c
libc/stdlib/wcstombs.c
libc/stdio/__fsetlocking.c
libc/stdio/_adjust_pos.c
libc/stdio/_cs_funcs.c
libc/stdio/_fopen.c
libc/stdio/_fpmaxtostr.c
libc/stdio/_fwrite.c
libc/stdio/_READ.c
libc/stdio/_WRITE.c
libc/stdio/_load_inttype.c
libc/stdio/_rfill.c
libc/stdio/_stdio.h
libc/stdio/_stdio.c
libc/stdio/_store_inttype.c
libc/stdio/_trans2r.c
libc/stdio/_trans2w.c
libc/stdio/_uintmaxtostr.c
libc/stdio/_wcommit.c
libc/stdio/asprintf.c
libc/stdio/clearerr.c
libc/stdio/clearerr.c				clearerr__DO_UNLOCKED
libc/stdio/dprintf.c
libc/stdio/fclose.c
libc/stdio/fcloseall.c
libc/stdio/fdopen.c
libc/stdio/feof.c
libc/stdio/feof.c				feof__DO_UNLOCKED
libc/stdio/ferror.c
libc/stdio/ferror.c				ferror__DO_UNLOCKED
libc/stdio/fflush.c
libc/stdio/fflush.c				fflush__DO_UNLOCKED
libc/stdio/fgetc.c
libc/stdio/fgetc.c				fgetc__DO_UNLOCKED
libc/stdio/fgetpos.c
libc/stdio/fgetpos64.c
libc/stdio/fgets.c
libc/stdio/fgets.c				fgets__DO_UNLOCKED
libc/stdio/fileno.c
libc/stdio/fileno.c				fileno__DO_UNLOCKED
libc/stdio/flockfile.c
libc/stdio/fopen.c
libc/stdio/fopen64.c
libc/stdio/freopen.c
libc/stdio/freopen64.c
libc/stdio/fputs.c
libc/stdio/fputs.c				fputs__DO_UNLOCKED
libc/stdio/fputc.c
libc/stdio/fputc.c				fputc__DO_UNLOCKED
libc/stdio/fprintf.c
libc/stdio/fread.c
libc/stdio/fread.c				fread__DO_UNLOCKED
libc/stdio/fseeko.c
libc/stdio/fseeko64.c
libc/stdio/fsetpos.c
libc/stdio/fsetpos64.c
libc/stdio/ftello.c
libc/stdio/ftello64.c
libc/stdio/funlockfile.c
libc/stdio/fwrite.c
libc/stdio/fwrite.c				fwrite__DO_UNLOCKED
libc/stdio/getdelim.c
libc/stdio/getline.c
libc/stdio/perror.c
libc/stdio/printf.c
libc/stdio/putchar.c
libc/stdio/putchar.c				putchar__DO_UNLOCKED
libc/stdio/puts.c
libc/stdio/remove.c
libc/stdio/rewind.c
libc/stdio/_scanf.c
libc/stdio/vfscanf.c
libc/stdio/__scan_cookie.c
libc/stdio/__psfs_parse_spec.c
libc/stdio/__psfs_do_numeric.c
libc/stdio/scanf.c
libc/stdio/sscanf.c
libc/stdio/fscanf.c
libc/stdio/vscanf.c
libc/stdio/vsscanf.c
libc/stdio/setvbuf.c
libc/stdio/setbuf.c
libc/stdio/setbuffer.c
libc/stdio/setlinebuf.c
libc/stdio/snprintf.c
libc/stdio/sprintf.c
libc/stdio/ungetc.c
libc/stdio/vasprintf.c
libc/stdio/vdprintf.c
libc/stdio/_vfprintf.c
libc/stdio/_vfprintf_internal.c
libc/stdio/vfprintf.c
libc/stdio/_ppfs_init.c
libc/stdio/_ppfs_prepargs.c
libc/stdio/_ppfs_setargs.c
libc/stdio/_ppfs_parsespec.c
libc/stdio/vsnprintf.c
libc/stdio/vsprintf.c
libc/stdio/vprintf.c
libc/string/_string.h
libc/string/_syserrmsg.h
libc/string/basename.c
libc/string/dirname.c
libc/string/ffs.c
libc/string/memccpy.c
libc/string/stpcpy.c
libc/string/stpncpy.c
libc/string/strcasecmp.c
libc/string/strcasestr.c
libc/string/strdup.c
libc/string/strerror.c
libc/string/__xpg_strerror_r.c
libc/string/_string_syserrmsgs.c
libc/string/__glibc_strerror_r.c
libc/string/_string_syssigmsgs.c
libc/string/sys_siglist.c
libc/string/strsignal.c
libc/string/psignal.c
libc/string/__xpg_basename.c
libc/string/strlcat.c
libc/string/strlcpy.c
libc/string/sys_errlist.c
libc/string/strndup.c
libc/string/strncasecmp.c
libc/string/strtok.c
libc/misc/assert/__assert.c
libc/misc/ctype/ctype.c
libc/misc/ctype/isalnum.c
libc/misc/ctype/isalpha.c
libc/misc/ctype/isblank.c
libc/misc/ctype/iscntrl.c
libc/misc/ctype/isdigit.c
libc/misc/ctype/isgraph.c
libc/misc/ctype/islower.c
libc/misc/ctype/isprint.c
libc/misc/ctype/ispunct.c
libc/misc/ctype/isspace.c
libc/misc/ctype/isupper.c
libc/misc/ctype/isxdigit.c
libc/misc/ctype/tolower.c
libc/misc/ctype/toupper.c
libc/misc/ctype/__C_ctype_b.c
libc/misc/ctype/__C_ctype_tolower.c
libc/misc/ctype/__C_ctype_toupper.c
libc/misc/ctype/__ctype_b_loc.c
libc/misc/ctype/__ctype_tolower_loc.c
libc/misc/ctype/__ctype_toupper_loc.c
libc/misc/ctype/__ctype_assert.c
libc/misc/ctype/isctype.c
libc/misc/dirent/alphasort.c
libc/misc/dirent/alphasort64.c
libc/misc/dirent/closedir.c
libc/misc/dirent/dirfd.c
libc/misc/dirent/dirstream.h
libc/misc/dirent/opendir.c
libc/misc/dirent/readdir.c
libc/misc/dirent/readdir64.c
libc/misc/dirent/readdir_r.c
libc/misc/dirent/readdir64_r.c
libc/misc/dirent/rewinddir.c
libc/misc/dirent/scandir.c
libc/misc/dirent/seekdir.c
libc/misc/dirent/telldir.c
libc/misc/dirent/scandir64.c
libc/misc/elf/dl-support.c
libc/misc/elf/dl-core.c
libc/misc/elf/dl-iterate-phdr.c
libc/misc/error/err.c
libc/misc/fnmatch/fnmatch.c
libc/misc/fnmatch/fnmatch_loop.c
libc/misc/glob/glob.c
libc/misc/glob/glob64.c
libc/misc/internals/errno.c
libc/misc/internals/__errno_location.c
libc/misc/internals/__h_errno_location.c
libc/misc/internals/__uClibc_main.c
libc/misc/internals/tempname.h
libc/misc/internals/tempname.c
libc/misc/locale/locale.c
libc/misc/locale/localeconv.c
libc/misc/locale/nl_langinfo.c
libc/misc/locale/setlocale.c
libc/misc/time/time.c
libc/misc/time/asctime.c
libc/misc/time/asctime_r.c
libc/misc/time/ctime.c
libc/misc/time/ctime_r.c
libc/misc/time/ftime.c
libc/misc/time/gmtime.c
libc/misc/time/gmtime_r.c
libc/misc/time/localtime.c
libc/misc/time/localtime_r.c
libc/misc/time/mktime.c
libc/misc/time/strftime.c
libc/misc/time/strptime.c
libc/misc/time/tzset.c
libc/misc/time/_time_t2tm.c
libc/misc/time/__time_tm.c
libc/misc/time/_time_mktime.c
libc/misc/time/dysize.c
libc/misc/time/timegm.c
libc/misc/time/_time_mktime_tzi.c
libc/misc/time/_time_localtime_tzi.c
libc/misc/time/difftime.c
libc/misc/wchar/btowc.c
libc/misc/wchar/mbrlen.c
libc/misc/wchar/mbrtowc.c
libc/misc/wchar/mbsnrtowcs.c
libc/misc/wchar/mbsrtowcs.c
libc/misc/wchar/wchar.c
libc/misc/wchar/wcrtomb.c
libc/misc/wchar/wcsnrtombs.c
libc/misc/wchar/wcsrtombs.c
libc/misc/wctype/iswctype.c
libc/misc/wctype/wctype.c
libc/misc/wctype/_wctype.c
libc/clock_gettime.c
libc/sysdeps/linux/common/longjmp.c
libc/sysdeps/linux/common/getdents.c
libc/sysdeps/linux/common/getsid.c
libc/sysdeps/linux/common/bits/atomic.h
libc/sysdeps/linux/common/bits/byteswap.h
libc/sysdeps/linux/common/bits/byteswap-common.h
libc/sysdeps/linux/common/bits/cmathcalls.h
libc/sysdeps/linux/common/bits/confname.h
libc/sysdeps/linux/common/bits/dirent.h
libc/sysdeps/linux/common/bits/dlfcn.h
libc/sysdeps/linux/common/bits/elfclass.h
libc/sysdeps/linux/common/bits/environments.h
libc/sysdeps/linux/common/bits/errno.h
libc/sysdeps/linux/common/bits/errno_values.h
libc/sysdeps/linux/common/bits/fenvinline.h
libc/sysdeps/linux/common/bits/getopt.h
libc/sysdeps/linux/common/bits/huge_val.h
libc/sysdeps/linux/common/bits/huge_val.h
libc/sysdeps/linux/common/bits/huge_valf.h
libc/sysdeps/linux/common/bits/huge_vall.h
libc/sysdeps/linux/common/bits/in.h
libc/sysdeps/linux/common/bits/inf.h
libc/sysdeps/linux/common/bits/ioctl-types.h
libc/sysdeps/linux/common/bits/ioctls.h
libc/sysdeps/linux/common/bits/ipc.h
libc/sysdeps/linux/common/bits/local_lim.h
libc/sysdeps/linux/common/bits/locale.h
libc/sysdeps/linux/common/bits/mathcalls.h
libc/sysdeps/linux/common/bits/mman-common.h
libc/sysdeps/linux/common/bits/nan.h
libc/sysdeps/linux/common/bits/netdb.h
libc/sysdeps/linux/common/bits/poll.h
libc/sysdeps/linux/common/bits/posix1_lim.h
libc/sysdeps/linux/common/bits/posix2_lim.h
libc/sysdeps/linux/common/bits/posix_opt.h
libc/sysdeps/linux/common/bits/resource.h
libc/sysdeps/linux/common/bits/sched.h
libc/sysdeps/linux/common/bits/select.h
libc/sysdeps/linux/common/bits/sem.h
libc/sysdeps/linux/common/bits/shm.h
libc/sysdeps/linux/common/bits/sigaction.h
libc/sysdeps/linux/common/bits/sigcontext.h
libc/sysdeps/linux/common/bits/siginfo.h
libc/sysdeps/linux/common/bits/signum.h
libc/sysdeps/linux/common/bits/sigset.h
libc/sysdeps/linux/common/bits/sigstack.h
libc/sysdeps/linux/common/bits/sockaddr.h
libc/sysdeps/linux/common/bits/socket.h
libc/sysdeps/linux/common/bits/stat.h
libc/sysdeps/linux/common/bits/statfs.h
libc/sysdeps/linux/common/bits/stdio_lim.h
libc/sysdeps/linux/common/bits/termios.h
libc/sysdeps/linux/common/bits/time.h
libc/sysdeps/linux/common/bits/types.h
libc/sysdeps/linux/common/bits/typesizes.h
libc/sysdeps/linux/common/bits/uClibc_charclass.h
libc/sysdeps/linux/common/bits/uClibc_clk_tck.h
libc/sysdeps/linux/common/bits/uClibc_errno.h
libc/sysdeps/linux/common/bits/uClibc_fpmax.h
libc/sysdeps/linux/common/bits/uClibc_local_lim.h
libc/sysdeps/linux/common/bits/uClibc_locale.h
libc/sysdeps/linux/common/bits/uClibc_mutex.h
libc/sysdeps/linux/common/bits/uClibc_page.h
libc/sysdeps/linux/common/bits/uClibc_pthread.h
libc/sysdeps/linux/common/bits/uClibc_stdio.h
libc/sysdeps/linux/common/bits/uClibc_touplow.h
libc/sysdeps/linux/common/bits/uClibc_uintmaxtostr.h
libc/sysdeps/linux/common/bits/uClibc_uwchar.h
libc/sysdeps/linux/common/bits/uClibc_va_copy.h
libc/sysdeps/linux/common/bits/uio.h
libc/sysdeps/linux/common/bits/utsname.h
libc/sysdeps/linux/common/bits/waitflags.h
libc/sysdeps/linux/common/bits/waitstatus.h
libc/sysdeps/linux/common/bits/wchar.h
libc/sysdeps/linux/common/bits/xopen_lim.h
libc/termios/isatty.c
libc/termios/kernel_termios.h
libc/termios/tcgetattr.c
libc/termios/tcgetpgrp.c
libc/termios/tcgetsid.c
libc/termios/tcsetattr.c
libc/termios/tcsetpgrp.c
libc/termios/ttyname.c
libcrypt/crypt.c
libcrypt/des.c
libcrypt/md5.c
libm/carg.c
libm/fp_private.h
libm/math_private.h
libm/e_acos.c
libm/e_acosh.c
libm/e_asin.c
libm/e_atan2.c
libm/e_atanh.c
libm/e_cosh.c
libm/e_exp.c
libm/e_fmod.c
libm/e_gamma.c
libm/e_gamma_r.c
libm/e_hypot.c
libm/e_j0.c
libm/e_j1.c
libm/e_jn.c
libm/e_lgamma.c
libm/e_lgamma_r.c
libm/e_log.c
libm/e_log10.c
libm/e_log2.c
libm/e_pow.c
libm/e_remainder.c
libm/e_rem_pio2.c
libm/e_scalb.c
libm/e_sinh.c
libm/e_sqrt.c
libm/k_cos.c
libm/k_rem_pio2.c
libm/k_sin.c
libm/k_standard.c
libm/k_tan.c
libm/s_asinh.c
libm/s_atan.c
libm/s_cbrt.c
libm/s_ceil.c
libm/s_copysign.c
libm/s_cos.c
libm/s_cos.c
libm/s_erf.c
libm/s_expm1.c
libm/s_fabs.c
libm/s_fpclassify.c
libm/s_fdim.c
libm/s_finite.c
libm/s_finitef.c
libm/s_floor.c
libm/s_fma.c
libm/s_fmax.c
libm/s_fmin.c
libm/s_frexp.c
libm/s_ilogb.c
libm/s_isnan.c
libm/s_isnanf.c
libm/s_isinf.c
libm/s_isinff.c
libm/s_ldexp.c
libm/s_lib_version.c
libm/s_llrint.c
libm/s_llround.c
libm/s_log1p.c
libm/s_logb.c
libm/s_lrint.c
libm/s_lround.c
libm/s_matherr.c
libm/s_modf.c
libm/s_nextafter.c
libm/s_nextafterf.c
libm/s_remquo.c
libm/s_rint.c
libm/s_round.c
libm/s_scalbn.c
libm/s_signbit.c
libm/s_signbitf.c
libm/s_signgam.c
libm/s_significand.c
libm/s_sin.c
libm/s_tan.c
libm/s_tanh.c
libm/s_trunc.c
libm/w_acos.c
libm/w_acosh.c
libm/w_asin.c
libm/w_atan2.c
libm/w_atanh.c
libm/w_cabs.c
libm/w_cosh.c
libm/w_drem.c
libm/w_exp.c
libm/w_exp2.c
libm/w_fmod.c
libm/w_gamma.c
libm/w_gamma_r.c
libm/w_hypot.c
libm/w_j0.c
libm/w_j1.c
libm/w_jn.c
libm/w_lgamma.c
libm/w_lgamma_r.c
libm/w_log.c
libm/w_log10.c
libm/w_pow.c
libm/w_remainder.c
libm/w_scalb.c
libm/w_sinh.c
libm/w_sqrt.c
libm/fpmacros.c
libm/nan.c
libm/float_wrappers.c				acos__FN
libm/float_wrappers.c				acosf__FN
libm/float_wrappers.c				acoshf__FN
libm/float_wrappers.c				asinf__FN
libm/float_wrappers.c				asinhf__FN
libm/float_wrappers.c				atan2f__FN
libm/float_wrappers.c				atanf__FN
libm/float_wrappers.c				atanhf__FN
libm/float_wrappers.c				cbrtf__FN
libm/float_wrappers.c				ceilf__FN
libm/float_wrappers.c				copysignf__FN
libm/float_wrappers.c				cosf__FN
libm/float_wrappers.c				coshf__FN
libm/float_wrappers.c				erfcf__FN
libm/float_wrappers.c				erff__FN
libm/float_wrappers.c				exp2f__FN
libm/float_wrappers.c				expf__FN
libm/float_wrappers.c				expm1f__FN
libm/float_wrappers.c				fabsf__FN
libm/float_wrappers.c				fdimf__FN
libm/float_wrappers.c				floorf__FN
libm/float_wrappers.c				fmaf__FN
libm/float_wrappers.c				fmaxf__FN
libm/float_wrappers.c				fminf__FN
libm/float_wrappers.c				fmodf__FN
libm/float_wrappers.c				frexpf__FN
libm/float_wrappers.c				hypotf__FN
libm/float_wrappers.c				ilogbf__FN
libm/float_wrappers.c				ldexpf__FN
libm/float_wrappers.c				lgammaf__FN
libm/float_wrappers.c				llrintf__FN
libm/float_wrappers.c				log10f__FN
libm/float_wrappers.c				log1pf__FN
libm/float_wrappers.c				log2f__FN
libm/float_wrappers.c				logbf__FN
libm/float_wrappers.c				logf__FN
libm/float_wrappers.c				lrintf__FN
libm/float_wrappers.c				lroundf__FN
libm/float_wrappers.c				modff__FN
libm/float_wrappers.c				nearbyintf__FN
libm/float_wrappers.c				nextafterf__FN
libm/float_wrappers.c				powf__FN
libm/float_wrappers.c				remainderf__FN
libm/float_wrappers.c				remquof__FN
libm/float_wrappers.c				rintf__FN
libm/float_wrappers.c				roundf__FN
libm/float_wrappers.c				scalblnf__FN
libm/float_wrappers.c				scalbnf__FN
libm/float_wrappers.c				sinf__FN
libm/float_wrappers.c				sinhf__FN
libm/float_wrappers.c				sqrtf__FN
libm/float_wrappers.c				tanf__FN
libm/float_wrappers.c				tanhf__FN
libm/float_wrappers.c				tgammaf__FN
libm/float_wrappers.c				truncf__FN
libm/ldouble_wrappers.c				acoshl__FN
libm/ldouble_wrappers.c				acosl__FN
libm/ldouble_wrappers.c				asinhl__FN
libm/ldouble_wrappers.c				asinl__FN
libm/ldouble_wrappers.c				atan2l__FN
libm/ldouble_wrappers.c				atanhl__FN
libm/ldouble_wrappers.c				atanl__FN
libm/ldouble_wrappers.c				cargl__FN
libm/ldouble_wrappers.c				cbrtl__FN
libm/ldouble_wrappers.c				ceill__FN
libm/ldouble_wrappers.c				copysignl__FN
libm/ldouble_wrappers.c				coshl__FN
libm/ldouble_wrappers.c				cosl__FN
libm/ldouble_wrappers.c				erfcl__FN
libm/ldouble_wrappers.c				erfl__FN
libm/ldouble_wrappers.c				expl__FN
libm/ldouble_wrappers.c				expm1l__FN
libm/ldouble_wrappers.c				fabsl__FN
libm/ldouble_wrappers.c				fdiml__FN
libm/ldouble_wrappers.c				floorl__FN
libm/ldouble_wrappers.c				fmal__FN
libm/ldouble_wrappers.c				fmaxl__FN
libm/ldouble_wrappers.c				fminl__FN
libm/ldouble_wrappers.c				fmodl__FN
libm/ldouble_wrappers.c				frexpl__FN
libm/ldouble_wrappers.c				gammal__FN
libm/ldouble_wrappers.c				hypotl__FN
libm/ldouble_wrappers.c				ilogbl__FN
libm/ldouble_wrappers.c				ldexpl__FN
libm/ldouble_wrappers.c				lgammal__FN
libm/ldouble_wrappers.c				llrintl__FN
libm/ldouble_wrappers.c				llroundl__FN
libm/ldouble_wrappers.c				log10l__FN
libm/ldouble_wrappers.c				log1pl__FN
libm/ldouble_wrappers.c				log2l__FN
libm/ldouble_wrappers.c				logbl__FN
libm/ldouble_wrappers.c				logl__FN
libm/ldouble_wrappers.c				lrintl__FN
libm/ldouble_wrappers.c				lroundl__FN
libm/ldouble_wrappers.c				modfl__FN
libm/ldouble_wrappers.c				nearbyintl__FN
libm/ldouble_wrappers.c				nextafterl__FN
libm/ldouble_wrappers.c				powl__FN
libm/ldouble_wrappers.c				remainderl__FN
libm/ldouble_wrappers.c				remquol__FN
libm/ldouble_wrappers.c				rintl__FN
libm/ldouble_wrappers.c				roundl__FN
libm/ldouble_wrappers.c				scalblnl__FN
libm/ldouble_wrappers.c				scalbnl__FN
libm/ldouble_wrappers.c				sinhl__FN
libm/ldouble_wrappers.c				sinl__FN
libm/ldouble_wrappers.c				sqrtl__FN
libm/ldouble_wrappers.c				tanhl__FN
libm/ldouble_wrappers.c				tanl__FN
libm/ldouble_wrappers.c				tgammal__FN
libm/ldouble_wrappers.c				truncl__FN
libm/ldouble_wrappers.c				significandl__FN
