libc/string/strpbrk.c
libc/string/powerpc/memcpy.c
libc/string/powerpc/memmove.c
libc/string/powerpc/memset.c
libc/string/generic/_memcpy_fwd.c
libc/string/generic/bp-checks.h
libc/string/generic/memchr.c
libc/string/generic/memcmp.c
libc/string/generic/memcopy.h
libc/string/generic/memmem.c
libc/string/generic/mempcpy.c
libc/string/generic/memrchr.c
libc/string/generic/pagecopy.h
libc/string/generic/rawmemchr.c
libc/string/generic/strcat.c
libc/string/generic/strchr.c
libc/string/generic/strchrnul.c
libc/string/generic/strcmp.c
libc/string/generic/strcpy.c
libc/string/generic/strcspn.c
libc/string/generic/strlen.c
libc/string/generic/strncat.c
libc/string/generic/strncmp.c
libc/string/generic/strncpy.c
libc/string/generic/strnlen.c
libc/string/generic/strrchr.c
libc/string/generic/strsep.c
libc/string/generic/strspn.c
libc/string/generic/strstr.c
libc/string/generic/strtok_r.c
libc/sysdeps/linux/common/bits/atomic.h
libc/sysdeps/linux/common/bits/byteswap.h
libc/sysdeps/linux/common/bits/confname.h
libc/sysdeps/linux/common/bits/dirent.h
libc/sysdeps/linux/common/bits/environments.h
libc/sysdeps/linux/common/bits/errno.h
libc/sysdeps/linux/common/bits/errno_values.h
libc/sysdeps/linux/common/bits/getopt.h
libc/sysdeps/linux/common/bits/in.h
libc/sysdeps/linux/common/bits/ioctls.h
libc/sysdeps/linux/common/bits/ioctl-types.h
libc/sysdeps/linux/common/bits/locale.h
libc/sysdeps/linux/common/bits/local_lim.h
libc/sysdeps/linux/common/bits/mathcalls.h
libc/sysdeps/linux/common/bits/nan.h
libc/sysdeps/linux/common/bits/netdb.h
libc/sysdeps/linux/common/bits/poll.h
libc/sysdeps/linux/common/bits/posix1_lim.h
libc/sysdeps/linux/common/bits/posix2_lim.h
libc/sysdeps/linux/common/bits/posix_opt.h
libc/sysdeps/linux/common/bits/sched.h
libc/sysdeps/linux/common/bits/select.h
libc/sysdeps/linux/common/bits/sigaction.h
libc/sysdeps/linux/common/bits/sigcontext.h
libc/sysdeps/linux/common/bits/siginfo.h
libc/sysdeps/linux/common/bits/signum.h
libc/sysdeps/linux/common/bits/sigset.h
libc/sysdeps/linux/common/bits/sigstack.h
libc/sysdeps/linux/common/bits/socket.h
libc/sysdeps/linux/common/bits/sockaddr.h
libc/sysdeps/linux/common/bits/stat.h
libc/sysdeps/linux/common/bits/stdio_lim.h
libc/sysdeps/linux/common/bits/termios.h
libc/sysdeps/linux/common/bits/time.h
libc/sysdeps/linux/common/bits/types.h
libc/sysdeps/linux/common/bits/uClibc_clk_tck.h
libc/sysdeps/linux/common/bits/uClibc_fpmax.h
libc/sysdeps/linux/common/bits/uClibc_locale.h
libc/sysdeps/linux/common/bits/uClibc_touplow.h
libc/sysdeps/linux/common/bits/uClibc_uintmaxtostr.h
libc/sysdeps/linux/common/bits/uClibc_va_copy.h
libc/sysdeps/linux/common/bits/uio.h
libc/sysdeps/linux/common/bits/utsname.h
libc/sysdeps/linux/common/bits/waitflags.h
libc/sysdeps/linux/common/bits/waitstatus.h
libc/sysdeps/linux/common/bits/xopen_lim.h
libc/sysdeps/linux/common/bits/huge_val.h
libc/sysdeps/linux/powerpc/bits/atomic.h
libc/sysdeps/linux/powerpc/bits/atomicity.h
libc/sysdeps/linux/powerpc/bits/endian.h
libc/sysdeps/linux/powerpc/bits/fcntl.h
libc/sysdeps/linux/powerpc/bits/fenv.h
libc/sysdeps/linux/powerpc/bits/fenvinline.h
libc/sysdeps/linux/powerpc/bits/ioctl-types.h
libc/sysdeps/linux/powerpc/bits/ipc.h
libc/sysdeps/linux/powerpc/bits/kernel_stat.h
libc/sysdeps/linux/powerpc/bits/kernel_types.h
libc/sysdeps/linux/powerpc/bits/mathdef.h
libc/sysdeps/linux/powerpc/bits/mathinline.h
libc/sysdeps/linux/powerpc/bits/mman.h
libc/sysdeps/linux/powerpc/bits/msq.h
libc/sysdeps/linux/powerpc/bits/profil-counter.h
libc/sysdeps/linux/powerpc/bits/resource.h
libc/sysdeps/linux/powerpc/bits/sem.h
libc/sysdeps/linux/powerpc/bits/setjmp.h
libc/sysdeps/linux/powerpc/bits/shm.h
libc/sysdeps/linux/powerpc/bits/sigcontextinfo.h
libc/sysdeps/linux/powerpc/bits/stackinfo.h
libc/sysdeps/linux/powerpc/bits/stat.h
libc/sysdeps/linux/powerpc/bits/syscalls.h
libc/sysdeps/linux/powerpc/bits/uClibc_arch_features.h
libc/sysdeps/linux/powerpc/bits/wordsize.h
libc/sysdeps/linux/powerpc/sys/ucontext.h
libc/sysdeps/linux/powerpc/__longjmp.S
libc/sysdeps/linux/powerpc/bsd-_setjmp.S
libc/sysdeps/linux/powerpc/bsd-setjmp.S
libc/sysdeps/linux/powerpc/setjmp.S
libc/sysdeps/linux/powerpc/fpu_control.h
libc/sysdeps/linux/powerpc/ppc_asm.h
