libc/string/bcopy.c
libc/string/bzero.c
libc/string/i386/memchr.c
libc/string/i386/memcpy.c
libc/string/i386/memmove.c
libc/string/i386/memset.c
libc/string/i386/strcat.c
libc/string/i386/strchr.c
libc/string/i386/strcmp.c
libc/string/i386/strcpy.c
libc/string/i386/strlen.c
libc/string/i386/strncat.c
libc/string/i386/strncmp.c
libc/string/i386/strncpy.c
libc/string/i386/strnlen.c
libc/string/i386/strrchr.c
libc/string/memcmp.c
libc/string/memmem.c
libc/string/mempcpy.c
libc/string/memrchr.c
libc/string/rawmemchr.c
libc/string/strchrnul.c
libc/string/strcspn.c
libc/string/strsep.c
libc/string/strspn.c
libc/string/strstr.c
libc/string/strtok_r.c
libc/string/strpbrk.c
libc/sysdeps/linux/common/bits/mman.h
libc/sysdeps/linux/i386/fpu_control.h
libc/sysdeps/linux/i386/setjmp.S
libc/sysdeps/linux/i386/__longjmp.S
libc/sysdeps/linux/i386/bsd-setjmp.S
libc/sysdeps/linux/i386/bsd-_setjmp.S
libc/sysdeps/linux/i386/bits/atomic.h
libc/sysdeps/linux/i386/bits/byteswap.h
libc/sysdeps/linux/i386/bits/endian.h
libc/sysdeps/linux/i386/bits/fcntl.h
libc/sysdeps/linux/i386/bits/fenv.h
libc/sysdeps/linux/i386/bits/kernel_stat.h
libc/sysdeps/linux/i386/bits/kernel_types.h
libc/sysdeps/linux/i386/bits/mathdef.h
libc/sysdeps/linux/i386/bits/mman.h
libc/sysdeps/linux/i386/bits/select.h
libc/sysdeps/linux/i386/bits/setjmp.h
libc/sysdeps/linux/i386/bits/stackinfo.h
libc/sysdeps/linux/i386/bits/uClibc_arch_features.h
libc/sysdeps/linux/i386/bits/wordsize.h
libc/sysdeps/linux/i386/sys/ucontext.h
libm/i386/fesetround.c
