libc/string/bcopy.c
libc/string/memmove.c
libc/string/memchr.c
libc/string/memcmp.c
libc/string/memmem.c
libc/string/memrchr.c
libc/string/rawmemchr.c
libc/string/strncpy.c
libc/string/strncat.c
libc/string/strncmp.c
libc/string/strrchr.c
libc/string/strnlen.c
libc/string/strchrnul.c
libc/string/strsep.c
libc/string/strstr.c
libc/string/strtok_r.c
libc/string/x86_64/_glibc_inc.h
libc/string/x86_64/bzero.S
libc/string/x86_64/memcpy.S
libc/string/x86_64/mempcpy.S
libc/string/x86_64/memset.S
libc/string/x86_64/strcat.S
libc/string/x86_64/strchr.S
libc/string/x86_64/strcmp.S
libc/string/x86_64/strcpy.S
libc/string/x86_64/strcspn.S
libc/string/x86_64/strlen.S
libc/string/x86_64/strspn.S
libc/string/x86_64/strpbrk.S
libc/sysdeps/linux/x86_64/fpu_control.h
libc/sysdeps/linux/x86_64/setjmp.S
libc/sysdeps/linux/x86_64/__longjmp.S
libc/sysdeps/linux/x86_64/bsd-setjmp.S
libc/sysdeps/linux/x86_64/bsd-_setjmp.S
libc/sysdeps/linux/x86_64/bits/atomic.h
libc/sysdeps/linux/x86_64/bits/byteswap.h
libc/sysdeps/linux/x86_64/bits/endian.h
libc/sysdeps/linux/x86_64/bits/fcntl.h
libc/sysdeps/linux/x86_64/bits/fenv.h
libc/sysdeps/linux/x86_64/bits/kernel_types.h
libc/sysdeps/linux/x86_64/bits/mathdef.h
libc/sysdeps/linux/x86_64/bits/mman.h
libc/sysdeps/linux/x86_64/bits/setjmp.h
libc/sysdeps/linux/x86_64/bits/stackinfo.h
libc/sysdeps/linux/x86_64/bits/uClibc_arch_features.h
libc/sysdeps/linux/x86_64/bits/wordsize.h
libc/sysdeps/linux/x86_64/sys/ucontext.h
