libc/string/memrchr.c
libc/string/rawmemchr.c
libc/string/strpbrk.c
libc/string/strspn.c
libc/string/generic/memcmp.c
libc/string/generic/memcopy.h
libc/string/generic/memmem.c
libc/string/generic/mempcpy.c
libc/string/generic/strcmp.c
libc/string/generic/strcspn.c
libc/string/generic/strchrnul.c
libc/string/generic/strncat.c
libc/string/generic/strncmp.c
libc/string/generic/strncpy.c
libc/string/generic/strnlen.c
libc/string/generic/strstr.c
libc/string/generic/strtok_r.c
libc/string/sparc/memcpy.S
libc/string/sparc/memset.S
libc/string/sparc/memchr.S
libc/string/sparc/strcat.S
libc/string/sparc/strcpy.S
libc/string/sparc/strchr.S
libc/string/sparc/strlen.S
libc/string/sparc/_glibc_inc.h
libc/string/sparc/sparc32/memcpy.S
libc/string/sparc/sparc32/memset.S
libc/string/sparc/sparc32/memchr.S
libc/string/sparc/sparc32/strcat.S
libc/string/sparc/sparc32/strcpy.S
libc/string/sparc/sparc32/strchr.S
libc/string/sparc/sparc32/strlen.S
libc/sysdeps/linux/sparc/__longjmp.S
libc/sysdeps/linux/sparc/setjmp.S
libc/sysdeps/linux/sparc/bits/endian.h
libc/sysdeps/linux/sparc/bits/fcntl.h
libc/sysdeps/linux/sparc/bits/kernel_types.h
libc/sysdeps/linux/sparc/bits/mathdef.h
libc/sysdeps/linux/sparc/bits/mman.h
libc/sysdeps/linux/sparc/bits/setjmp.h
libc/sysdeps/linux/sparc/bits/stackinfo.h
libc/sysdeps/linux/sparc/bits/uClibc_arch_features.h
libc/sysdeps/linux/sparc/bits/wordsize.h
libc/sysdeps/linux/sparc/sys/ucontext.h
