libc/string/strpbrk.c
libc/string/arm/bcopy.S
libc/string/arm/bzero.S
libc/string/arm/memcpy.S
libc/string/arm/_memcpy.S
libc/string/arm/memcmp.S
libc/string/arm/memmove.S
libc/string/arm/memset.S
libc/string/arm/strcmp.S
libc/string/arm/strlen.S
libc/string/generic/memmem.c
libc/string/generic/mempcpy.c
libc/string/generic/memchr.c
libc/string/generic/memcopy.h
libc/string/generic/memrchr.c
libc/string/generic/bp-checks.h
libc/string/generic/rawmemchr.c
libc/string/generic/strcat.c
libc/string/generic/strchr.c
libc/string/generic/strchrnul.c
libc/string/generic/strcpy.c
libc/string/generic/strcspn.c
libc/string/generic/strncat.c
libc/string/generic/strncmp.c
libc/string/generic/strncpy.c
libc/string/generic/strnlen.c
libc/string/generic/strrchr.c
libc/string/generic/strsep.c
libc/string/generic/strspn.c
libc/string/generic/strstr.c
libc/string/generic/strtok_r.c
libc/sysdeps/linux/arm/aeabi_atexit.c
libc/sysdeps/linux/arm/fpu_control.h
libc/sysdeps/linux/arm/setjmp.S
libc/sysdeps/linux/arm/__longjmp.S
libc/sysdeps/linux/arm/bsd-setjmp.S
libc/sysdeps/linux/arm/bsd-_setjmp.S
libc/sysdeps/linux/arm/bits/arm_asm.h
libc/sysdeps/linux/arm/bits/endian.h
libc/sysdeps/linux/arm/bits/fcntl.h
libc/sysdeps/linux/arm/bits/fenv.h
libc/sysdeps/linux/arm/bits/huge_val.h
libc/sysdeps/linux/arm/bits/kernel_types.h
libc/sysdeps/linux/arm/bits/mathdef.h
libc/sysdeps/linux/arm/bits/stackinfo.h
libc/sysdeps/linux/arm/bits/uClibc_arch_features.h
libc/sysdeps/linux/arm/bits/setjmp.h
libc/sysdeps/linux/arm/bits/wordsize.h
libc/sysdeps/linux/arm/sys/ucontext.h
libc/sysdeps/linux/arm/sys/procfs.h
libc/sysdeps/linux/arm/sys/user.h
libc/sysdeps/linux/common/bits/mman.h
